<!DOCTYPE html>
<html>
    <head>
        <title>Test page title</title>
    </head>
    <body>
        <h1>HTML Body</h1>
        <img srcset="img-optimized/background-extra-small.webp 600w, img-optimized/background-small.webp 900w, img-optimized/background-normal.webp 1200w, img-optimized/background-large.webp 1800w" src="img/background.jpg" alt="Background Image" style="width:100%" />
        <img alt="Background Image" src="img/detail/background.jpg" style="width:128px;height:128px;" />
        <a href="/imprint">
            <img src="assets/img/opaque.png" alt="Why am I opaque?" style="width:42px;height:42px;" />
        </a>
        <img srcset="assets/img-optimized/background-extra-small.webp 600w, assets/img-optimized/background-small.webp 900w, assets/img-optimized/background-normal.webp 1200w, assets/img-optimized/background-large.webp 1800w" src="assets/img/background.jpg" alt="Background" width="500" height="600" />
        <img srcset="assets/img-optimized/background-extra-small.webp 600w, assets/img-optimized/background-small.webp 900w, assets/img-optimized/background-normal.webp 1200w, assets/img-optimized/background-large.webp 1800w" src="assets/img/background.jpg" />
    </body>
</html>


