{"01f6c75f18325f23a9e3ff46a57ee09df6402441e4e132d9ded174247b3b7a60":"61E2839E-B0C0-4AF7-AD98-AA57A16270A5.webp","e05e7da363ce254fc01b327e736489f848d174ea0b2d86cf862ce182641a593e":"EC9DEB25-780D-4777-8C78-1E0AC8820535.webp","6634b6e49d8f6856a2aacb5e9419f8a517c4bb25e6161d9afb0aac1ab7a9e883":"F4E13EB7-C374-47CC-B89F-72EFEB93C887.webp","4421c308b37ded6b2dfb8dfaaf4f20544f04f3d6dae14313936ad23a03b6944c":"7C3A849F-2E18-4301-A020-8BB6527A13AF.webp","1328c3917d7eea823fb28ea8f40465511960576751ee3785517218627db0b85b":"29B1AB32-DAD9-42C1-A36B-9AD576001026.webp","e025ca9e4b2d985d0fc5b36d0c3d83a257f4c6cd05e05db3d5a92f9890953ae7":"E0F2E7B9-E5D4-4DAD-B197-A391A96C052C.webp","be33757ab5ccd001919fb7782357cfa7b643a855054b5114c1363704623cced5":"62D199A2-3B8B-4A54-9F21-4B7A24B4957B.webp","dc1032256198d7023edc9cb24ee115f03477707bc086a1fbe5e25a733a9ef483":"5857D2C0-1835-40E9-AE58-5C7A1BE12F0B.webp"}